SUB X1, X2, X3	11001011000000110000000001000001	0xcb030041
ADD X1, X2, X3	10001011000000110000000001000001	0x8b030041
AND X1, X2, X3	10001010000000110000000001000001	0x8a030041
ORR X1, X2, X3	10101010000000110000000001000001	0xaa030041
ADDI X1, X2, #46	10010001000000001011100001000001	0x9100b841
SUBI X3, X4, #67	11010001000000010000110010000011	0xd1010c83
LDUR X2, [X20, #8]	11111000010000001000001010000010	0xf8408282
STUR X4, [X20, #16]	11111000000000010000001010000100	0xf8010284
